    Hinst Name       Module Name          Inst Count           Total Area
----------------------------------------------------------------------
bch_31_bm                                       1141             2019.852
 u_div1              gf_divider                  158              246.924
 u_div2              gf_divider_37               158              246.924
 u_div3              gf_divider_36               158              246.924
 u_ff1               ff_5                          5               30.780
 u_ff2               ff_5_124                      5               30.780
 u_ff3               ff_5_123                      5               30.780
 u_ff4               ff_5_122                      5               30.780
 u_ff5               ff_5_121                      5               37.620
 u_ff6               ff_5_120                      5               37.620
 u_mult1             gf_multiplier                 3                8.208
 u_mult2             gf_multiplier_1             151              250.344
 u_mult3             gf_multiplier_1_41          151              250.344
 u_mult4             gf_multiplier_1_40          151              250.344
 u_mult5             gf_multiplier_1_39          151              250.344
 u_mult6             gf_multiplier_38              3                8.208
 u_xor1              xor_5                         5               13.680
 u_xor2              xor_5_43                      5               13.680
 u_xor3              xor_5_42                      5               13.680
