
Power Net Detected:
        Voltage	    Name
             0V	    VSS
           0.9V	    VDD
Using Power View: analysis_normal_slow_max.
AAE_INFO: opIsDesignInPostRouteState() is 1
#################################################################################
# Design Stage: PostRoute
# Design Name: bch_toplevel
# Design Mode: 45nm
# Analysis Mode: MMMC Non-OCV 
# Parasitics Mode: No SPEF/RCDB 
# Signoff Settings: SI Off 
#################################################################################
Calculate delays in BcWc mode...
Start delay calculation (fullDC) (1 T). (MEM=2369.16)
Total number of fetched objects 843
AAE_INFO: Total number of nets for which stage creation was skipped for all views 0
End delay calculation. (MEM=2385.2 CPU=0:00:00.0 REAL=0:00:00.0)
End delay calculation (fullDC). (MEM=2385.2 CPU=0:00:00.1 REAL=0:00:00.0)
Set Default Frequency 100MHz.

Begin Power Analysis

             0V	    VSS
           0.9V	    VDD

Begin Processing Timing Library for Power Calculation

Begin Processing Timing Library for Power Calculation



Begin Processing Power Net/Grid for Power Calculation

Ended Processing Power Net/Grid for Power Calculation: (cpu=0:00:00, real=0:00:00, mem(process/total/peak)=1879.11MB/3910.87MB/1879.11MB)

Begin Processing Timing Window Data for Power Calculation

Ended Processing Timing Window Data for Power Calculation: (cpu=0:00:00, real=0:00:00, mem(process/total/peak)=1879.11MB/3910.87MB/1879.11MB)

Begin Processing User Attributes

Ended Processing User Attributes: (cpu=0:00:00, real=0:00:00, mem(process/total/peak)=1879.11MB/3910.87MB/1879.11MB)

Begin Processing Signal Activity


Starting Levelizing
2025-Sep-16 12:28:47 (2025-Sep-16 15:28:47 GMT)
2025-Sep-16 12:28:47 (2025-Sep-16 15:28:47 GMT): 10%
2025-Sep-16 12:28:47 (2025-Sep-16 15:28:47 GMT): 20%
2025-Sep-16 12:28:47 (2025-Sep-16 15:28:47 GMT): 30%
2025-Sep-16 12:28:47 (2025-Sep-16 15:28:47 GMT): 40%
2025-Sep-16 12:28:47 (2025-Sep-16 15:28:47 GMT): 50%
2025-Sep-16 12:28:47 (2025-Sep-16 15:28:47 GMT): 60%
2025-Sep-16 12:28:47 (2025-Sep-16 15:28:47 GMT): 70%
2025-Sep-16 12:28:47 (2025-Sep-16 15:28:47 GMT): 80%
2025-Sep-16 12:28:47 (2025-Sep-16 15:28:47 GMT): 90%

Finished Levelizing
2025-Sep-16 12:28:47 (2025-Sep-16 15:28:47 GMT)

Starting Activity Propagation
2025-Sep-16 12:28:47 (2025-Sep-16 15:28:47 GMT)
** INFO:  (VOLTUS_POWR-1356): No default input activity has been set. Defaulting to 0.2.
Use 'set_default_switching_activity -input_activity' command to change the default activity value.

2025-Sep-16 12:28:47 (2025-Sep-16 15:28:47 GMT): 10%
2025-Sep-16 12:28:47 (2025-Sep-16 15:28:47 GMT): 20%
2025-Sep-16 12:28:47 (2025-Sep-16 15:28:47 GMT): 30%
2025-Sep-16 12:28:47 (2025-Sep-16 15:28:47 GMT): 40%
2025-Sep-16 12:28:47 (2025-Sep-16 15:28:47 GMT): 50%

Finished Activity Propagation
2025-Sep-16 12:28:47 (2025-Sep-16 15:28:47 GMT)
Ended Processing Signal Activity: (cpu=0:00:00, real=0:00:00, mem(process/total/peak)=1879.11MB/3910.87MB/1879.11MB)

Begin Power Computation

      ----------------------------------------------------------
      # of cell(s) missing both power/leakage table: 0
      # of cell(s) missing power table: 0
      # of cell(s) missing leakage table: 0
      ----------------------------------------------------------



Starting Calculating power
2025-Sep-16 12:28:47 (2025-Sep-16 15:28:47 GMT)
 ... Calculating switching power
2025-Sep-16 12:28:47 (2025-Sep-16 15:28:47 GMT): 10%
2025-Sep-16 12:28:47 (2025-Sep-16 15:28:47 GMT): 20%
2025-Sep-16 12:28:47 (2025-Sep-16 15:28:47 GMT): 30%
2025-Sep-16 12:28:47 (2025-Sep-16 15:28:47 GMT): 40%
2025-Sep-16 12:28:47 (2025-Sep-16 15:28:47 GMT): 50%
 ... Calculating internal and leakage power
2025-Sep-16 12:28:47 (2025-Sep-16 15:28:47 GMT): 60%
2025-Sep-16 12:28:47 (2025-Sep-16 15:28:47 GMT): 70%
2025-Sep-16 12:28:47 (2025-Sep-16 15:28:47 GMT): 80%
2025-Sep-16 12:28:47 (2025-Sep-16 15:28:47 GMT): 90%

Finished Calculating power
2025-Sep-16 12:28:47 (2025-Sep-16 15:28:47 GMT)
      # of MSMV cell(s) missing power_level: 0
Ended Power Computation: (cpu=0:00:00, real=0:00:00, mem(process/total/peak)=1880.67MB/3918.87MB/1880.67MB)

Begin Processing User Attributes

Ended Processing User Attributes: (cpu=0:00:00, real=0:00:00, mem(process/total/peak)=1880.67MB/3918.87MB/1880.67MB)

Ended Power Analysis: (cpu=0:00:00, real=0:00:00, mem(process/total/peak)=1880.67MB/3918.87MB/1880.67MB)

Begin Boundary Leakage Calculation
Ended Boundary Leakage Calculation: (cpu=0:00:00, real=0:00:00,
mem(process/total/peak)=1880.67MB/3918.87MB/1880.67MB)
Begin Static Power Report Generation
*----------------------------------------------------------------------------------------
*	Innovus 21.15-s110_1 (64bit) 09/23/2022 13:08 (Linux 3.10.0-693.el7.x86_64)
*	
*
* 	Date & Time:	2025-Sep-16 12:28:47 (2025-Sep-16 15:28:47 GMT)
*
*----------------------------------------------------------------------------------------
*
*	Design: bch_toplevel
*
*	Liberty Libraries used:
*	        analysis_normal_slow_max: /home/tools/design_kits/cadence/GPDK045/gsclib045_all_v4.4/gsclib045/timing//slow_vdd1v0_basicCells.lib
*
*	Parasitic Files used:
*
*       Power View : analysis_normal_slow_max
*
*       User-Defined Activity : N.A.
*
*       Activity File: N.A.
*
*       Hierarchical Global Activity: N.A.
*
*       Global Activity: N.A.
*
*       Sequential Element Activity: N.A.
*
*       Primary Input Activity: 0.200000
*
*       Default icg ratio: N.A.
*
*       Global Comb ClockGate Ratio: N.A.
*
*	Power Units = 1uW
*
*	Time Units = 1e-09 secs
*
*       report_power
*
-----------------------------------------------------------------------------------------
*



Total Power
-----------------------------------------------------------------------------------------
Total Internal Power:       32.47429245 	   50.0174%
Total Switching Power:      32.42327027 	   49.9388%
Total Leakage Power:         0.02841187 	    0.0438%
Total Power:                64.92597459
-----------------------------------------------------------------------------------------


Group                           Internal   Switching     Leakage       Total  Percentage 
                                Power      Power         Power         Power  (%)        
-----------------------------------------------------------------------------------------
Sequential                         2.452        3.42    0.004009        5877       9.051
Macro                                  0           0           0           0           0
IO                                     0           0           0           0           0
Combinational                      30.02          29      0.0244   5.905e+04       90.95
Clock (Combinational)                  0           0           0           0           0
Clock (Sequential)                     0           0           0           0           0
-----------------------------------------------------------------------------------------
Total                          3.247e+04   3.242e+04       28.41   6.493e+04       1e+05
-----------------------------------------------------------------------------------------


Rail                  Voltage   Internal   Switching     Leakage       Total  Percentage 
                                Power      Power         Power         Power  (%)        
-----------------------------------------------------------------------------------------
VDD                       0.9  3.247e+04   3.242e+04       28.41   6.493e+04       1e+05
 
 
-----------------------------------------------------------------------------------------
*	Power Distribution Summary: 
*              Highest Average Power:             g333969__5115 (ADDFX1):           0.7083
*              Highest Leakage Power:            error_flag_reg (DFFRX2):        0.0001852
*                Total Cap:      2.18649e-12 F
*                Total instances in design:   791
*                Total instances in design with no power:     0
*                Total instances in design with no activty:     0

*                Total Fillers and Decap:     0
-----------------------------------------------------------------------------------------
 
** INFO:  (VOLTUS_POWR-3465): There are 0 decaps and 0 fillers in the design

Ended Static Power Report Generation: (cpu=0:00:00, real=0:00:00,
mem(process/total/peak)=1881.95MB/3918.87MB/1881.95MB)

