    Hinst Name       Module Name            Inst Count           Total Area
------------------------------------------------------------------------
bch_32_bits_v2                                    1916             3175.812
 u_bch1              bch_comb_top                  390              647.748
  u_bch1/bm          bch_pipe2                     159              257.868
   u_bch1/bm/u_div1  gf_divider                     73              108.072
   u_bch1/bm/u_div2  gf_divider_902                 80              133.380
   u_bch1/bm/u_mult1 gf_multiplier                   2                5.472
   u_bch1/bm/u_xor1  xor_4                           4               10.944
  u_bch1/cb          bch_chien_block               181              263.682
  u_bch1/cr          bch_corrector                   7               23.940
  u_bch1/sb          bch_syndrome_block             43              102.258
 u_bch2              bch_comb_top_883              390              647.748
  u_bch2/bm          bch_pipe2_890                 159              257.868
   u_bch2/bm/u_div1  gf_divider_901                 73              108.072
   u_bch2/bm/u_div2  gf_divider_900                 80              133.380
   u_bch2/bm/u_mult1 gf_multiplier_906               2                5.472
   u_bch2/bm/u_xor1  xor_4_910                       4               10.944
  u_bch2/cb          bch_chien_block_880           181              263.682
  u_bch2/cr          bch_corrector_886               7               23.940
  u_bch2/sb          bch_syndrome_block_893         43              102.258
 u_bch3              bch_comb_top_882              390              647.748
  u_bch3/bm          bch_pipe2_889                 159              257.868
   u_bch3/bm/u_div1  gf_divider_899                 73              108.072
   u_bch3/bm/u_div2  gf_divider_898                 80              133.380
   u_bch3/bm/u_mult1 gf_multiplier_905               2                5.472
   u_bch3/bm/u_xor1  xor_4_909                       4               10.944
  u_bch3/cb          bch_chien_block_879           181              263.682
  u_bch3/cr          bch_corrector_885               7               23.940
  u_bch3/sb          bch_syndrome_block_892         43              102.258
 u_bch4              bch_comb_top_881              390              647.748
  u_bch4/bm          bch_pipe2_888                 159              257.868
   u_bch4/bm/u_div1  gf_divider_897                 73              108.072
   u_bch4/bm/u_div2  gf_divider_896                 80              133.380
   u_bch4/bm/u_mult1 gf_multiplier_904               2                5.472
   u_bch4/bm/u_xor1  xor_4_908                       4               10.944
  u_bch4/cb          bch_chien_block_878           181              263.682
  u_bch4/cr          bch_corrector_884               7               23.940
  u_bch4/sb          bch_syndrome_block_891         43              102.258
 u_bch5              bch_comb_top_4                354              580.374
  u_bch5/bm          bch_pipe2_887                 159              257.868
   u_bch5/bm/u_div1  gf_divider_895                 73              108.072
   u_bch5/bm/u_div2  gf_divider_894                 80              133.380
   u_bch5/bm/u_mult1 gf_multiplier_903               2                5.472
   u_bch5/bm/u_xor1  xor_4_907                       4               10.944
  u_bch5/cb          bch_chien_block_877           156              226.062
  u_bch5/cr          bch_corrector_4                 4               13.680
  u_bch5/sb          bch_syndrome_block_4           35               82.764
