    Hinst Name       Module Name            Inst Count           Total Area
------------------------------------------------------------------------
bch_32_bits_v2_p                                  2097             4313.304
 u_bch1              bch_pipe2_top                 428              886.806
  u_bch1/bm          bch_pipe2                     159              257.868
   u_bch1/bm/u_div1  gf_divider                     73              108.072
   u_bch1/bm/u_div2  gf_divider_911                 80              133.380
   u_bch1/bm/u_mult1 gf_multiplier                   2                5.472
   u_bch1/bm/u_xor1  xor_4                           4               10.944
  u_bch1/cb          bch_chien_block               181              264.024
  u_bch1/cr          bch_corrector                   7               19.152
  u_bch1/sb          bch_syndrome_block             43              102.258
  u_bch1/u_ff2       ff_4                            4               24.624
  u_bch1/u_ff3       ff_4_1423                       4               24.624
 u_bch2              bch_pipe2_top_890             428              886.806
  u_bch2/bm          bch_pipe2_887                 159              257.868
   u_bch2/bm/u_div1  gf_divider_910                 73              108.072
   u_bch2/bm/u_div2  gf_divider_909                 80              133.380
   u_bch2/bm/u_mult1 gf_multiplier_915               2                5.472
   u_bch2/bm/u_xor1  xor_4_919                       4               10.944
  u_bch2/cb          bch_chien_block_880           181              264.024
  u_bch2/cr          bch_corrector_883               7               19.152
  u_bch2/sb          bch_syndrome_block_893         43              102.258
  u_bch2/u_ff2       ff_4_1422                       4               24.624
  u_bch2/u_ff3       ff_4_1421                       4               24.624
 u_bch3              bch_pipe2_top_889             428              886.806
  u_bch3/bm          bch_pipe2_886                 159              257.868
   u_bch3/bm/u_div1  gf_divider_908                 73              108.072
   u_bch3/bm/u_div2  gf_divider_907                 80              133.380
   u_bch3/bm/u_mult1 gf_multiplier_914               2                5.472
   u_bch3/bm/u_xor1  xor_4_918                       4               10.944
  u_bch3/cb          bch_chien_block_879           181              264.024
  u_bch3/cr          bch_corrector_882               7               19.152
  u_bch3/sb          bch_syndrome_block_892         43              102.258
  u_bch3/u_ff2       ff_4_1420                       4               24.624
  u_bch3/u_ff3       ff_4_1419                       4               24.624
 u_bch4              bch_pipe2_top_888             428              886.806
  u_bch4/bm          bch_pipe2_885                 159              257.868
   u_bch4/bm/u_div1  gf_divider_906                 73              108.072
   u_bch4/bm/u_div2  gf_divider_905                 80              133.380
   u_bch4/bm/u_mult1 gf_multiplier_913               2                5.472
   u_bch4/bm/u_xor1  xor_4_917                       4               10.944
  u_bch4/cb          bch_chien_block_878           181              264.024
  u_bch4/cr          bch_corrector_881               7               19.152
  u_bch4/sb          bch_syndrome_block_891         43              102.258
  u_bch4/u_ff2       ff_4_1418                       4               24.624
  u_bch4/u_ff3       ff_4_1417                       4               24.624
 u_bch5              bch_pipe2_top_4               383              761.634
  u_bch5/bm          bch_pipe2_884                 159              257.868
   u_bch5/bm/u_div1  gf_divider_904                 73              108.072
   u_bch5/bm/u_div2  gf_divider_903                 80              133.380
   u_bch5/bm/u_mult1 gf_multiplier_912               2                5.472
   u_bch5/bm/u_xor1  xor_4_916                       4               10.944
  u_bch5/cb          bch_chien_block_877           156              226.062
  u_bch5/cr          bch_corrector_4                 4               10.944
  u_bch5/sb          bch_syndrome_block_4           35               82.764
  u_bch5/u_ff2       ff_4_1416                       4               24.624
  u_bch5/u_ff3       ff_4_1415                       4               24.624
