    Hinst Name         Module Name           Inst Count           Total Area
-------------------------------------------------------------------------
bch_32_bits_v1_p                                   4215             7736.382
 u_bch1                bch_31_pipe                 2107             3867.336
  u_bch1/u_bm          bch_31_bm                   1141             2006.172
   u_bch1/u_bm/u_div1  gf_divider                   158              246.924
   u_bch1/u_bm/u_div2  gf_divider_1296              158              246.924
   u_bch1/u_bm/u_div3  gf_divider_1295              158              246.924
   u_bch1/u_bm/u_ff1   ff_5                           5               30.780
   u_bch1/u_bm/u_ff2   ff_5_1749                      5               30.780
   u_bch1/u_bm/u_ff3   ff_5_1748                      5               30.780
   u_bch1/u_bm/u_ff4   ff_5_1747                      5               30.780
   u_bch1/u_bm/u_ff5   ff_5_1746                      5               30.780
   u_bch1/u_bm/u_ff6   ff_5_1745                      5               30.780
   u_bch1/u_bm/u_mult1 gf_multiplier                  3                8.208
   u_bch1/u_bm/u_mult2 gf_multiplier_7_1306         151              250.344
   u_bch1/u_bm/u_mult3 gf_multiplier_7_1304         151              250.344
   u_bch1/u_bm/u_mult4 gf_multiplier_7_1302         151              250.344
   u_bch1/u_bm/u_mult5 gf_multiplier_7_1300         151              250.344
   u_bch1/u_bm/u_mult6 gf_multiplier_1299             3                8.208
   u_bch1/u_bm/u_xor1  xor_5                          5               13.680
   u_bch1/u_bm/u_xor2  xor_5_1311                     5               13.680
   u_bch1/u_bm/u_xor3  xor_5_1310                     5               13.680
  u_bch1/u_chien       bch_31_chien                 783             1150.830
  u_bch1/u_corrector   bch_31_corrector              16               54.720
  u_bch1/u_ff_cw       ff_31                         16               98.496
  u_bch1/u_ff_cw2      ff_31_1                       16               98.496
  u_bch1/u_ff_cw3      ff_31_5_1730                  16               98.496
  u_bch1/u_ff_s1       ff_5_1744                      5               30.780
  u_bch1/u_ff_s2       ff_5_1743                      5               30.780
  u_bch1/u_ff_s3       ff_5_1742                      5               30.780
  u_bch1/u_ff_s4       ff_5_1741                      5               30.780
  u_bch1/u_syndrome    bch_31_syndrome               99              237.006
 u_bch2                bch_31_pipe_1268            2107             3867.336
  u_bch2/u_bm          bch_31_bm_1265              1141             2006.172
   u_bch2/u_bm/u_div1  gf_divider_1294              158              246.924
   u_bch2/u_bm/u_div2  gf_divider_1293              158              246.924
   u_bch2/u_bm/u_div3  gf_divider_1292              158              246.924
   u_bch2/u_bm/u_ff1   ff_5_1736                      5               30.780
   u_bch2/u_bm/u_ff2   ff_5_1735                      5               30.780
   u_bch2/u_bm/u_ff3   ff_5_1734                      5               30.780
   u_bch2/u_bm/u_ff4   ff_5_1733                      5               30.780
   u_bch2/u_bm/u_ff5   ff_5_1732                      5               30.780
   u_bch2/u_bm/u_ff6   ff_5_1731                      5               30.780
   u_bch2/u_bm/u_mult1 gf_multiplier_1298             3                8.208
   u_bch2/u_bm/u_mult2 gf_multiplier_7              151              250.344
   u_bch2/u_bm/u_mult3 gf_multiplier_7_1305         151              250.344
   u_bch2/u_bm/u_mult4 gf_multiplier_7_1303         151              250.344
   u_bch2/u_bm/u_mult5 gf_multiplier_7_1301         151              250.344
   u_bch2/u_bm/u_mult6 gf_multiplier_1297             3                8.208
   u_bch2/u_bm/u_xor1  xor_5_1309                     5               13.680
   u_bch2/u_bm/u_xor2  xor_5_1308                     5               13.680
   u_bch2/u_bm/u_xor3  xor_5_1307                     5               13.680
  u_bch2/u_chien       bch_31_chien_1266            783             1150.830
  u_bch2/u_corrector   bch_31_corrector_1267         16               54.720
  u_bch2/u_ff_cw       ff_31_1728                    16               98.496
  u_bch2/u_ff_cw2      ff_31_1_1729                  16               98.496
  u_bch2/u_ff_cw3      ff_31_5                       16               98.496
  u_bch2/u_ff_s1       ff_5_1740                      5               30.780
  u_bch2/u_ff_s2       ff_5_1739                      5               30.780
  u_bch2/u_ff_s3       ff_5_1738                      5               30.780
  u_bch2/u_ff_s4       ff_5_1737                      5               30.780
  u_bch2/u_syndrome    bch_31_syndrome_1269          99              237.006
